// Jest Snapshot v1, https://goo.gl/fbAQLP

exports[`<Dashboard />: test simple snapshot 1`] = `
<div
  className="motional-page "
  data-testid="page"
>
  <h1>
    Dashboard
  </h1>
  <a
    data-testid="scenario-link"
    href="/scenario/"
  >
    Scenario
  </a>
</div>
`;
