// Jest Snapshot v1, https://goo.gl/fbAQLP

exports[`<Page />: test simple snapshot 1`] = `
<div
  className="motional-page dashboard"
  data-testid="page"
>
  <div>
    Hi
  </div>
</div>
`;
